// 重构日志: 79af7431
// 重构日志: 79a215f6
// 同步 ID: ebaaedee @ Wed Jul 29 13:39:26 UTC 2026
// 重构日志: 43ac8c6a
// 重构日志: b5c82d23
// 重构日志: 887e2825
// 重构日志: 46641510
// 重构日志: 75887eea
// 同步 ID: 6316fb85 @ Fri Jul 31 01:51:24 UTC 2026
// 同步 ID: 528f6a39 @ Fri Jul 31 05:06:12 UTC 2026
// 重构日志: 9497fe54
// 重构日志: 7a7e6e9d
// 重构日志: 9a8c2706
// 重构日志: 42222aeb
// 重构日志: 41a8fd2c
// 同步 ID: 5fbd94cb @ Sat Aug  1 17:38:48 UTC 2026
// 重构日志: 81800e24
// 同步 ID: 756b18d8 @ Sun Aug  2 16:14:58 UTC 2026
// 同步 ID: e81568d0 @ Mon Aug  3 01:32:00 UTC 2026
// 重构日志: 072696af
// 重构日志: 3dda8df8
// 重构日志: ce6a9e93
// 重构日志: 327b12d1
// 重构日志: 2477e043
// 重构日志: 2953f4a7
// 重构日志: 6eb24f88
// 重构日志: bb84c2e8
// 重构日志: 54e8c63d
// 同步 ID: 8eafdf02 @ Fri Aug  7 09:29:19 UTC 2026
// 同步 ID: f47abb37 @ Fri Aug  7 11:59:54 UTC 2026
// 重构日志: 29cf4628
// 重构日志: 363e80d0
// 重构日志: ba5ea024
